Microchip MPLAB XC8 Compiler V2.32

Linker command line:

-W-3 --edf=C:\Program Files\Microchip\xc8\v2.32\pic\dat\en_msgs.txt -cn \
  -h+dist/default/production\25.10.2021.X.production.sym \
  --cmf=dist/default/production\25.10.2021.X.production.cmf -z -Q18F45K22 \
  -oC:\Users\OAKBAT~1\AppData\Local\Temp\xcAsjmg.4 --defsym=__MPLAB_BUILD=1 \
  -Mdist/default/production/25.10.2021.X.production.map -E1 \
  -ver=XC8 Compiler --acfsm=1493 -ASTACK=060h-05FFh -pstack=STACK \
  -ACODE=00h-07FFFh -ACONST=00h-07FFFh -ASMALLCONST=0600h-06FFhx122 \
  -AMEDIUMCONST=0600h-07FFFh -ACOMRAM=01h-05Fh -AABS1=00h-05FFh \
  -ABIGRAM=01h-05FFh -ARAM=060h-0FFh,0100h-01FFhx5 -ABANK0=060h-0FFh \
  -ABANK1=0100h-01FFh -ABANK2=0200h-02FFh -ABANK3=0300h-03FFh \
  -ABANK4=0400h-04FFh -ABANK5=0500h-05FFh -ASFR=0F38h-0F5Fh,0F60h-0FFFh \
  -ACONFIG=0300000h-030000Dh -AIDLOC=0200000h-0200007h \
  -AEEDATA=0F00000h-0F000FFh -peeprom_data=EEDATA \
  -preset_vec=00h,intcode=08h,intcodelo,powerup,init -pramtop=0600h \
  -psmallconst=SMALLCONST -pmediumconst=MEDIUMCONST -pconst=CONST \
  -AFARRAM=00h-00h \
  -prdata=COMRAM,nvrram=COMRAM,nvbit=COMRAM,rbss=COMRAM,rbit=COMRAM \
  -pfarbss=FARRAM,fardata=FARRAM,nvFARRAM=FARRAM \
  -pintsave_regs=BIGRAM,bigbss=BIGRAM,bigdata=BIGRAM -pbss=RAM \
  -pidata=CODE,irdata=CODE,ibigdata=CODE,ifardata=CODE -prparam=COMRAM \
  C:\Users\OAKBAT~1\AppData\Local\Temp\xcAsjmg.o \
  dist/default/production\25.10.2021.X.production.o 

Object code version is 3.11

Machine type is 18F45K22



                Name                               Link     Load   Length Selector   Space Scale
C:\Users\OAKBAT~1\AppData\Local\Temp\xcAsjmg.o
                idloc                            200000   200000        8        0       5
                config                           300000   300000        E        0       4
                init                                 D4       D4        4        4       0
                reset_vec                             0        0        4        0       0
dist/default/production\25.10.2021.X.production.o
                intcode                               8        8       CC        4       0
                idloc                            200000   200000        8        0       5
                config                           300000   300000        E        0       4
                temp                                 4D       4D        1        1       1
                text5                               302      302      10C        4       0
                text4                               40E      40E       A4        4       0
                text3                               4B2      4B2       88        4       0
                text2                               53A      53A       6A        4       0
                text1                               5DA      5DA       26        4       0
                text0                                D8       D8      22A        4       0
                cstackCOMRAM                          1        1       32        1       1
                dataCOMRAM                           42       42        B        1       1
                bssCOMRAM                            33       33        F        1       1
                cinit                               5A4      5A4       36        4       0
                idataCOMRAM                         600      600        B        4       0

TOTAL           Name                               Link     Load   Length     Space
        CLASS   STACK          

        CLASS   CODE           
                intcode                               8        8       CC         0
                init                                 D4       D4        4         0
                reset_vec                             0        0        4         0
                text5                               302      302      10C         0
                text4                               40E      40E       A4         0
                text3                               4B2      4B2       88         0
                text2                               53A      53A       6A         0
                text1                               5DA      5DA       26         0
                text0                                D8       D8      22A         0
                cinit                               5A4      5A4       36         0
                idataCOMRAM                         600      600        B         0

        CLASS   CONST          

        CLASS   SMALLCONST     

        CLASS   MEDIUMCONST    

        CLASS   COMRAM         
                temp                                 4D       4D        1         1
                cstackCOMRAM                          1        1       32         1
                dataCOMRAM                           42       42        B         1
                bssCOMRAM                            33       33        F         1

        CLASS   ABS1           

        CLASS   BIGRAM         

        CLASS   RAM            

        CLASS   BANK0          

        CLASS   BANK1          

        CLASS   BANK2          

        CLASS   BANK3          

        CLASS   BANK4          

        CLASS   BANK5          

        CLASS   SFR            

        CLASS   CONFIG         
                config                           300000   300000        E         4

        CLASS   IDLOC          
                idloc                            200000   200000        8         5

        CLASS   EEDATA         

        CLASS   FARRAM         



SEGMENTS        Name                           Load    Length   Top    Selector   Space  Class

                reset_vec                      000000  000004  000004         0       0  CODE    
                cstackCOMRAM                   000001  00004D  00004E         1       1  COMRAM  
                intcode                        000008  000603  00060B         4       0  CODE    


UNUSED ADDRESS RANGES

        Name                Unused          Largest block    Delta
        BANK0            000060-0000FF               A0
        BANK1            000100-0001FF              100
        BANK2            000200-0002FF              100
        BANK3            000300-0003FF              100
        BANK4            000400-0004FF              100
        BANK5            000500-0005FF              100
        BIGRAM           00004E-0005FF              5B2
        CODE             000004-000007                4
                         00060B-007FFF             79F5
        COMRAM           00004E-00005F               12
        CONST            000004-000007                4
                         00060B-007FFF             79F5
        EEDATA           F00000-F000FF              100
        MEDIUMCONST      00060B-007FFF             79F5
        RAM              000060-0005FF              100
        SFR              000F38-000FFF               28
        SMALLCONST       00060B-007FFF              100
        STACK            000060-0005FF              5A0

                                  Symbol Table

?___aldiv                cstackCOMRAM 000014
?___lldiv                cstackCOMRAM 00000E
?___llmod                cstackCOMRAM 000008
?___lmul                 cstackCOMRAM 000008
?___wmul                 cstackCOMRAM 000008
_ADCON0bits              (abs)        000FC2
_ADCON1                  (abs)        000FC1
_ADCON2                  (abs)        000FC0
_ADRESH                  (abs)        000FC4
_ADRESL                  (abs)        000FC3
_ANSELA                  (abs)        000F38
_ANSELD                  (abs)        000F3B
_ANSELE                  (abs)        000F3C
_GIE                     (abs)        007F97
_GODONE                  (abs)        007E11
_PEIE                    (abs)        007F96
_PORTA                   (abs)        000F80
_PORTD                   (abs)        000F83
_T0CON                   (abs)        000FD5
_TMR0                    (abs)        000FD6
_TMR0IE                  (abs)        007F95
_TMR0IF                  (abs)        007F92
_TRISA                   (abs)        000F92
_TRISD                   (abs)        000F95
_TRISE                   (abs)        000F96
__HRAM                   (abs)        000000
__Habs1                  abs1         000000
__Hbank0                 bank0        000000
__Hbank1                 bank1        000000
__Hbank2                 bank2        000000
__Hbank3                 bank3        000000
__Hbank4                 bank4        000000
__Hbank5                 bank5        000000
__Hbigbss                bigbss       000000
__Hbigdata               bigdata      000000
__Hbigram                bigram       000000
__Hbss                   bss          000000
__HbssCOMRAM             bssCOMRAM    000000
__Hcinit                 cinit        000000
__Hclrtext               clrtext      000000
__Hcomram                comram       000000
__Hconfig                config       30000E
__Hconst                 const        000000
__HcstackCOMRAM          cstackCOMRAM 000000
__Hdata                  data         000000
__HdataCOMRAM            dataCOMRAM   000000
__Heeprom_data           eeprom_data  000000
__Hfarbss                farbss       000000
__Hfardata               fardata      000000
__Hibigdata              ibigdata     000000
__Hidata                 idata        000000
__HidataCOMRAM           idataCOMRAM  000000
__Hidloc                 idloc        200008
__Hifardata              ifardata     000000
__Hinit                  init         0000D8
__Hintcode               intcode      0000D4
__Hintcode_body          intcode_body 000000
__Hintcodelo             intcodelo    0000D4
__Hintentry              intentry     000000
__Hintret                intret       000000
__Hintsave_regs          intsave_regs 000000
__Hirdata                irdata       000000
__Hmediumconst           mediumconst  000000
__HnvFARRAM              nvFARRAM     000000
__Hnvbit                 nvbit        000000
__Hnvrram                nvrram       000000
__Hparam                 rparam       000000
__Hpowerup               powerup      0000D4
__Hram                   ram          000000
__Hramtop                ramtop       000600
__Hrbit                  rbit         000000
__Hrbss                  rbss         000000
__Hrdata                 rdata        000000
__Hreset_vec             reset_vec    000004
__Hrparam                rparam       000000
__Hsfr                   sfr          000000
__Hsmallconst            smallconst   000000
__Hspace_0               (abs)        00060B
__Hspace_1               (abs)        00004E
__Hspace_2               (abs)        000000
__Hspace_4               (abs)        60000E
__Hstack                 stack        000000
__Hstruct                struct       000000
__Htemp                  temp         00004E
__Htext                  text         000000
__Htext0                 text0        000000
__Htext1                 text1        000000
__Htext2                 text2        000000
__Htext3                 text3        000000
__Htext4                 text4        000000
__Htext5                 text5        000000
__LRAM                   (abs)        000001
__Labs1                  abs1         000000
__Lbank0                 bank0        000000
__Lbank1                 bank1        000000
__Lbank2                 bank2        000000
__Lbank3                 bank3        000000
__Lbank4                 bank4        000000
__Lbank5                 bank5        000000
__Lbigbss                bigbss       000000
__Lbigdata               bigdata      000000
__Lbigram                bigram       000000
__Lbss                   bss          000000
__LbssCOMRAM             bssCOMRAM    000000
__Lcinit                 cinit        000000
__Lclrtext               clrtext      000000
__Lcomram                comram       000000
__Lconfig                config       000000
__Lconst                 const        000000
__LcstackCOMRAM          cstackCOMRAM 000000
__Ldata                  data         000000
__LdataCOMRAM            dataCOMRAM   000000
__Leeprom_data           eeprom_data  000000
__Lfarbss                farbss       000000
__Lfardata               fardata      000000
__Libigdata              ibigdata     000000
__Lidata                 idata        000000
__LidataCOMRAM           idataCOMRAM  000000
__Lidloc                 idloc        000000
__Lifardata              ifardata     000000
__Linit                  init         0000D4
__Lintcode               intcode      000008
__Lintcode_body          intcode_body 000000
__Lintcodelo             intcodelo    0000D4
__Lintentry              intentry     000000
__Lintret                intret       000000
__Lintsave_regs          intsave_regs 000000
__Lirdata                irdata       000000
__Lmediumconst           mediumconst  000000
__LnvFARRAM              nvFARRAM     000000
__Lnvbit                 nvbit        000000
__Lnvrram                nvrram       000000
__Lparam                 rparam       000000
__Lpowerup               powerup      0000D4
__Lram                   ram          000000
__Lramtop                ramtop       000600
__Lrbit                  rbit         000000
__Lrbss                  rbss         000000
__Lrdata                 rdata        000000
__Lreset_vec             reset_vec    000000
__Lrparam                rparam       000000
__Lsfr                   sfr          000000
__Lsmallconst            smallconst   000000
__Lspace_0               (abs)        000000
__Lspace_1               (abs)        000000
__Lspace_2               (abs)        000000
__Lspace_4               (abs)        000000
__Lstack                 stack        000000
__Lstruct                struct       000000
__Ltemp                  temp         00004D
__Ltext                  text         000000
__Ltext0                 text0        000000
__Ltext1                 text1        000000
__Ltext2                 text2        000000
__Ltext3                 text3        000000
__Ltext4                 text4        000000
__Ltext5                 text5        000000
__S0                     (abs)        00060B
__S1                     (abs)        00004E
__S2                     (abs)        000000
__S4                     (abs)        000000
__S5                     (abs)        000000
___aldiv                 text5        000302
___aldiv@counter         cstackCOMRAM 00001C
___aldiv@dividend        cstackCOMRAM 000014
___aldiv@divisor         cstackCOMRAM 000018
___aldiv@quotient        cstackCOMRAM 00001E
___aldiv@sign            cstackCOMRAM 00001D
___inthi_sp              stack        000000
___intlo_sp              stack        000000
___lldiv                 text4        00040E
___lldiv@counter         cstackCOMRAM 00001A
___lldiv@dividend        cstackCOMRAM 00000E
___lldiv@divisor         cstackCOMRAM 000012
___lldiv@quotient        cstackCOMRAM 000016
___llmod                 text3        0004B2
___llmod@counter         cstackCOMRAM 000010
___llmod@dividend        cstackCOMRAM 000008
___llmod@divisor         cstackCOMRAM 00000C
___lmul                  text2        00053A
___lmul@multiplicand     cstackCOMRAM 00000C
___lmul@multiplier       cstackCOMRAM 000008
___lmul@product          cstackCOMRAM 000010
___param_bank            (abs)        000000
___rparam_used           (abs)        000001
___sp                    stack        000000
___wmul                  text1        0005DA
___wmul@multiplicand     cstackCOMRAM 00000A
___wmul@multiplier       cstackCOMRAM 000008
___wmul@product          cstackCOMRAM 00000C
__accesstop              (abs)        000060
__activetblptr           (abs)        000000
__end_of___aldiv         text5        00040E
__end_of___lldiv         text4        0004B2
__end_of___llmod         text3        00053A
__end_of___lmul          text2        0005A4
__end_of___wmul          text1        000600
__end_of__initialization cinit        0005D0
__end_of_isr             intcode      0000D4
__end_of_main            text0        000302
__initialization         cinit        0005A4
__mediumconst            mediumconst  000000
__pbssCOMRAM             bssCOMRAM    000033
__pcinit                 cinit        0005A4
__pcstackCOMRAM          cstackCOMRAM 000001
__pdataCOMRAM            dataCOMRAM   000042
__pidataCOMRAM           idataCOMRAM  000600
__pintcode               intcode      000008
__ptext0                 text0        0000D8
__ptext1                 text1        0005DA
__ptext2                 text2        00053A
__ptext3                 text3        0004B2
__ptext4                 text4        00040E
__ptext5                 text5        000302
__ramtop                 ramtop       000600
__size_of___aldiv        (abs)        000000
__size_of___lldiv        (abs)        000000
__size_of___llmod        (abs)        000000
__size_of___lmul         (abs)        000000
__size_of___wmul         (abs)        000000
__size_of_isr            (abs)        000000
__size_of_main           (abs)        000000
__smallconst             smallconst   000000
_analog                  bssCOMRAM    00003F
_cnt                     bssCOMRAM    00003D
_cnt2                    bssCOMRAM    00003B
_dig_cnt                 bssCOMRAM    000041
_digits                  bssCOMRAM    000037
_isr                     intcode      000008
_main                    text0        0000D8
_seg_char                dataCOMRAM   000042
_temp                    bssCOMRAM    000033
btemp                    temp         00004D
end_of_initialization    cinit        0005D0
int$flags                temp         00004D
intlevel0                text         000000
intlevel1                text         000000
intlevel2                text         000000
intlevel3                text         000000
isa$std                  (abs)        000001
isa$xinst                (abs)        000000
stackhi                  (abs)        0005FF
stacklo                  (abs)        000060
start                    init         0000D4
start_initialization     cinit        0005A4
ttemp5                   temp         00004E
ttemp6                   temp         000051
ttemp7                   temp         000055
wtemp8                   temp         00004E


MODULE INFORMATION

Module		Function		Class		Link	Load	Size
C:\Program Files\Microchip\xc8\v2.32\pic\sources\c99\common\aldiv.c
		___aldiv       		CODE           	0302	0000	268

C:\Program Files\Microchip\xc8\v2.32\pic\sources\c99\common\aldiv.c estimated size: 268

newmain.c
		_main          		CODE           	00D8	0000	554
		_isr           		CODE           	0008	0000	204

newmain.c estimated size: 758

C:\Program Files\Microchip\xc8\v2.32\pic\sources\c99\common\Umul16.c
		___wmul        		CODE           	05DA	0000	38

C:\Program Files\Microchip\xc8\v2.32\pic\sources\c99\common\Umul16.c estimated size: 38

C:\Program Files\Microchip\xc8\v2.32\pic\sources\c99\common\llmod.c
		___llmod       		CODE           	04B2	0000	136

C:\Program Files\Microchip\xc8\v2.32\pic\sources\c99\common\llmod.c estimated size: 136

shared
		__initialization		CODE           	05A4	0000	44

shared estimated size: 44

C:\Program Files\Microchip\xc8\v2.32\pic\sources\c99\common\Umul32.c
		___lmul        		CODE           	053A	0000	106

C:\Program Files\Microchip\xc8\v2.32\pic\sources\c99\common\Umul32.c estimated size: 106

C:\Program Files\Microchip\xc8\v2.32\pic\sources\c99\common\__lldiv.c
		___lldiv       		CODE           	040E	0000	164

C:\Program Files\Microchip\xc8\v2.32\pic\sources\c99\common\__lldiv.c estimated size: 164

